// Jest Snapshot v1, https://goo.gl/fbAQLP

exports[`Creating SnapShot of Profile 1`] = `
Object {
  "asFragment": [Function],
  "baseElement": <body>
    <div>
      <div>
        <div
          class="container mt-4 mb-4"
        >
          <h2
            data-testid="welcome"
            style="font-size: 45px; color: green; font-weight: bold;"
          >
            Welcome! to your profile
          </h2>
          <div
            class="card mt-3 p-2"
          >
            <div
              class="card-body"
            >
              <div
                class=""
              >
                <div
                  class="row"
                >
                  <div
                    class="col-lg-6"
                  >
                    <img
                      height="400"
                      src="user.png"
                      width="100%"
                    />
                  </div>
                  <div
                    class="col-lg-6"
                  >
                    <div
                      class="list-group mt-4"
                    >
                      <button
                        aria-current="true"
                        class="list-group-item list-group-item-action active"
                        data-testid="username"
                        type="button"
                      >
                        Pankaj shrivastava
                      </button>
                      <button
                        class="list-group-item list-group-item-action"
                        data-testid="email"
                        type="button"
                      >
                        abc@gmail.com
                      </button>
                      <button
                        class="list-group-item list-group-item-action"
                        data-testid="location"
                        type="button"
                      >
                        Earth
                      </button>
                      <button
                        class="list-group-item list-group-item-action"
                        data-testid="mobile"
                        type="button"
                      >
                        +91 
                        7479530699
                      </button>
                    </div>
                  </div>
                </div>
              </div>
            </div>
          </div>
        </div>
      </div>
    </div>
  </body>,
  "container": <div>
    <div>
      <div
        class="container mt-4 mb-4"
      >
        <h2
          data-testid="welcome"
          style="font-size: 45px; color: green; font-weight: bold;"
        >
          Welcome! to your profile
        </h2>
        <div
          class="card mt-3 p-2"
        >
          <div
            class="card-body"
          >
            <div
              class=""
            >
              <div
                class="row"
              >
                <div
                  class="col-lg-6"
                >
                  <img
                    height="400"
                    src="user.png"
                    width="100%"
                  />
                </div>
                <div
                  class="col-lg-6"
                >
                  <div
                    class="list-group mt-4"
                  >
                    <button
                      aria-current="true"
                      class="list-group-item list-group-item-action active"
                      data-testid="username"
                      type="button"
                    >
                      Pankaj shrivastava
                    </button>
                    <button
                      class="list-group-item list-group-item-action"
                      data-testid="email"
                      type="button"
                    >
                      abc@gmail.com
                    </button>
                    <button
                      class="list-group-item list-group-item-action"
                      data-testid="location"
                      type="button"
                    >
                      Earth
                    </button>
                    <button
                      class="list-group-item list-group-item-action"
                      data-testid="mobile"
                      type="button"
                    >
                      +91 
                      7479530699
                    </button>
                  </div>
                </div>
              </div>
            </div>
          </div>
        </div>
      </div>
    </div>
  </div>,
  "debug": [Function],
  "findAllByAltText": [Function],
  "findAllByDisplayValue": [Function],
  "findAllByLabelText": [Function],
  "findAllByPlaceholderText": [Function],
  "findAllByRole": [Function],
  "findAllByTestId": [Function],
  "findAllByText": [Function],
  "findAllByTitle": [Function],
  "findByAltText": [Function],
  "findByDisplayValue": [Function],
  "findByLabelText": [Function],
  "findByPlaceholderText": [Function],
  "findByRole": [Function],
  "findByTestId": [Function],
  "findByText": [Function],
  "findByTitle": [Function],
  "getAllByAltText": [Function],
  "getAllByDisplayValue": [Function],
  "getAllByLabelText": [Function],
  "getAllByPlaceholderText": [Function],
  "getAllByRole": [Function],
  "getAllByTestId": [Function],
  "getAllByText": [Function],
  "getAllByTitle": [Function],
  "getByAltText": [Function],
  "getByDisplayValue": [Function],
  "getByLabelText": [Function],
  "getByPlaceholderText": [Function],
  "getByRole": [Function],
  "getByTestId": [Function],
  "getByText": [Function],
  "getByTitle": [Function],
  "queryAllByAltText": [Function],
  "queryAllByDisplayValue": [Function],
  "queryAllByLabelText": [Function],
  "queryAllByPlaceholderText": [Function],
  "queryAllByRole": [Function],
  "queryAllByTestId": [Function],
  "queryAllByText": [Function],
  "queryAllByTitle": [Function],
  "queryByAltText": [Function],
  "queryByDisplayValue": [Function],
  "queryByLabelText": [Function],
  "queryByPlaceholderText": [Function],
  "queryByRole": [Function],
  "queryByTestId": [Function],
  "queryByText": [Function],
  "queryByTitle": [Function],
  "rerender": [Function],
  "unmount": [Function],
}
`;
